// Jest Snapshot v1, https://goo.gl/fbAQLP

exports[`Home Screen renders correctly 1`] = `
<View
  style={
    Object {
      "backgroundColor": "#fafafa",
    }
  }
>
  <Text
    accessible={true}
    allowFontScaling={true}
    disabled={false}
    ellipsizeMode="tail"
  >
    [missing "en.home.welcome" translation]
     
    iOS
  </Text>
</View>
`;

exports[`Home action adds item correctly 1`] = `
Object {
  "type": "TRY_ADD_ITEM",
  "value": Object {
    "id": "mock",
    "title": "mock",
  },
}
`;

exports[`Home action loads items correctly 1`] = `
Object {
  "type": "LOAD_ITEMS",
  "value": Results {
    "0": Item {
      "created": 1970-01-01T00:00:00.001Z,
      "id": "first",
      "notes": "No notes on this one",
      "title": "FIRST_ITEM",
    },
    "1": Item {
      "created": 1970-01-01T00:00:00.100Z,
      "id": "second",
      "notes": "Some notes",
      "title": "Second item",
    },
  },
}
`;
