// Jest Snapshot v1, https://goo.gl/fbAQLP

exports[`Home reducer reduces initial state 1`] = `
Object {
  "home": Object {
    "items": Array [],
    "theme": "#fafafa",
  },
  "nav": Object {
    "index": 0,
    "routes": Array [
      Object {
        "key": "Home",
        "routeName": "Home",
      },
      Object {
        "key": "Add",
        "routeName": "Add",
      },
      Object {
        "key": "Settings",
        "routeName": "Settings",
      },
    ],
  },
}
`;

exports[`Home reducer reduces item loading 1`] = `
Object {
  "items": Object {
    "0": Object {
      "created": 1970-01-01T00:00:00.999Z,
      "id": "item",
      "notes": "item notes",
      "title": "ITEM",
    },
  },
  "theme": "#fafafa",
}
`;

exports[`Store creates correctly 1`] = `
Object {
  "dispatch": [Function],
  "getState": [Function],
  "replaceReducer": [Function],
  "subscribe": [Function],
  Symbol(observable): [Function],
}
`;
